Last login: Wed Apr  2 10:25:05 on ttys000
You have mail.
➜  ~  ssh root@162.243.34.80
root@162.243.34.80's password: 
Welcome to Ubuntu 12.04.3 LTS (GNU/Linux 3.8.0-29-generic x86_64)

 * Documentation:  https://help.ubuntu.com/

  System information as of Wed Apr  2 10:27:14 EDT 2014

  System load:  0.0               Processes:           65
  Usage of /:   5.7% of 19.56GB   Users logged in:     0
  Memory usage: 37%               IP address for eth0: 162.243.34.80
  Swap usage:   0%

  Graph this data and manage this system at https://landscape.canonical.com/

74 packages can be updated.
40 updates are security updates.

Last login: Wed Apr  2 10:23:56 2014 from 66.192.104.13
root@Staging:~# adduser russ
Adding user `russ' ...
Adding new group `russ' (1000) ...
Adding new user `russ' (1000) with group `russ' ...
Creating home directory `/home/russ' ...
Copying files from `/etc/skel' ...
Enter new UNIX password: 
Retype new UNIX password: 
passwd: password updated successfully
Changing the user information for russ
Enter the new value, or press ENTER for the default
	Full Name []: Russell Schlup
	Room Number []: 7609607096
	Work Phone []: 
	Home Phone []: 
	Other []: 
Is the information correct? [Y/n] y
root@Staging:~# adduser russ sudo
Adding user `russ' to group `sudo' ...
Adding user russ to group sudo
Done.
root@Staging:~# exit
logout
Connection to 162.243.34.80 closed.
➜  ~  ssh russ@162.243.34.80
russ@162.243.34.80's password: 
Welcome to Ubuntu 12.04.3 LTS (GNU/Linux 3.8.0-29-generic x86_64)

 * Documentation:  https://help.ubuntu.com/

  System information as of Wed Apr  2 10:28:49 EDT 2014

  System load:  0.0               Processes:           65
  Usage of /:   5.7% of 19.56GB   Users logged in:     0
  Memory usage: 38%               IP address for eth0: 162.243.34.80
  Swap usage:   0%

  Graph this data and manage this system at https://landscape.canonical.com/

74 packages can be updated.
40 updates are security updates.


The programs included with the Ubuntu system are free software;
the exact distribution terms for each program are described in the
individual files in /usr/share/doc/*/copyright.

Ubuntu comes with ABSOLUTELY NO WARRANTY, to the extent permitted by
applicable law.

russ@Staging:~$ sudo apt-get upgrade
[sudo] password for russ: 
Reading package lists... Done
Building dependency tree       
Reading state information... Done
The following packages have been kept back:
  linux-headers-generic-lts-raring linux-image-generic-lts-raring
The following packages will be upgraded:
  accountsservice apport apt apt-transport-https apt-utils base-files bc
  bind9-host ca-certificates curl dmsetup dnsutils file gnupg gpgv grub-common
  grub-pc grub-pc-bin grub2-common initramfs-tools initramfs-tools-bin iproute
  landscape-common language-pack-en language-pack-en-base libaccountsservice0
  libapt-inst1.4 libapt-pkg4.12 libbind9-80 libcurl3 libcurl3-gnutls
  libdevmapper1.02.1 libdns81 libdrm-intel1 libdrm-nouveau1a libdrm-radeon1
  libdrm2 libgnutls26 libisc83 libisccc80 libisccfg82 liblwres80 libmagic1
  libpython2.7 libssl1.0.0 libudev0 linux-firmware linux-generic-lts-raring
  openssh-client openssh-server openssl perl perl-base perl-modules procps
  python-apport python-apt python-apt-common python-lazr.restfulclient
  python-problem-report python2.7 python2.7-minimal rsyslog sudo tzdata udev
  update-manager-core wpasupplicant xkb-data
69 upgraded, 0 newly installed, 0 to remove and 2 not upgraded.
Need to get 60.1 MB of archives.
After this operation, 8,055 kB of additional disk space will be used.
Do you want to continue [Y/n]? y
Get:1 http://mirrors.digitalocean.com/ubuntu/ precise-updates/main base-files amd64 6.5ubuntu6.7 [61.0 kB]
Get:2 http://mirrors.digitalocean.com/ubuntu/ precise-updates/main perl amd64 5.14.2-6ubuntu2.4 [4,411 kB]
Get:3 http://mirrors.digitalocean.com/ubuntu/ precise-updates/main perl-base amd64 5.14.2-6ubuntu2.4 [1,513 kB]
Get:4 http://mirrors.digitalocean.com/ubuntu/ precise-updates/main perl-modules all 5.14.2-6ubuntu2.4 [3,389 kB]
Get:5 http://mirrors.digitalocean.com/ubuntu/ precise-updates/main libapt-pkg4.12 amd64 0.8.16~exp12ubuntu10.16 [936 kB]
Get:6 http://mirrors.digitalocean.com/ubuntu/ precise-updates/main gpgv amd64 1.4.11-3ubuntu2.5 [185 kB]
Get:7 http://mirrors.digitalocean.com/ubuntu/ precise-updates/main gnupg amd64 1.4.11-3ubuntu2.5 [806 kB]
Get:8 http://mirrors.digitalocean.com/ubuntu/ precise-updates/main apt amd64 0.8.16~exp12ubuntu10.16 [1,105 kB]
Get:9 http://mirrors.digitalocean.com/ubuntu/ precise-updates/main libssl1.0.0 amd64 1.0.1-4ubuntu5.11 [1,050 kB]
Get:10 http://mirrors.digitalocean.com/ubuntu/ precise-updates/main libapt-inst1.4 amd64 0.8.16~exp12ubuntu10.16 [102 kB]
Get:11 http://mirrors.digitalocean.com/ubuntu/ precise-updates/main libdrm2 amd64 2.4.46-1ubuntu0.0.0.1 [26.2 kB]
Get:12 http://mirrors.digitalocean.com/ubuntu/ precise-updates/main libdrm-intel1 amd64 2.4.46-1ubuntu0.0.0.1 [64.6 kB]
Get:13 http://mirrors.digitalocean.com/ubuntu/ precise-updates/main libdrm-nouveau1a amd64 2.4.46-1ubuntu0.0.0.1 [14.0 kB]
Get:14 http://mirrors.digitalocean.com/ubuntu/ precise-updates/main libdrm-radeon1 amd64 2.4.46-1ubuntu0.0.0.1 [26.1 kB]
Get:15 http://mirrors.digitalocean.com/ubuntu/ precise-updates/main libudev0 amd64 175-0ubuntu9.5 [28.4 kB]
Get:16 http://mirrors.digitalocean.com/ubuntu/ precise-updates/main libgnutls26 amd64 2.12.14-5ubuntu3.7 [459 kB]
Get:17 http://mirrors.digitalocean.com/ubuntu/ precise-updates/main openssl amd64 1.0.1-4ubuntu5.11 [524 kB]
Get:18 http://mirrors.digitalocean.com/ubuntu/ precise-updates/main ca-certificates all 20130906ubuntu0.12.04.1 [192 kB]
Get:19 http://mirrors.digitalocean.com/ubuntu/ precise-updates/main libcurl3-gnutls amd64 7.22.0-3ubuntu4.7 [227 kB]
Get:20 http://mirrors.digitalocean.com/ubuntu/ precise-updates/main language-pack-en all 1:12.04+20140106 [1,978 B]
Get:21 http://mirrors.digitalocean.com/ubuntu/ precise-updates/main language-pack-en-base all 1:12.04+20140106 [880 kB]
Get:22 http://mirrors.digitalocean.com/ubuntu/ precise-updates/main libcurl3 amd64 7.22.0-3ubuntu4.7 [236 kB]
Get:23 http://mirrors.digitalocean.com/ubuntu/ precise-updates/main libpython2.7 amd64 2.7.3-0ubuntu3.5 [1,188 kB]
Get:24 http://mirrors.digitalocean.com/ubuntu/ precise-updates/main python2.7 amd64 2.7.3-0ubuntu3.5 [2,675 kB]
Get:25 http://mirrors.digitalocean.com/ubuntu/ precise-updates/main python2.7-minimal amd64 2.7.3-0ubuntu3.5 [1,743 kB]
Get:26 http://mirrors.digitalocean.com/ubuntu/ precise-updates/main tzdata all 2014a-0ubuntu0.12.04 [448 kB]
Get:27 http://mirrors.digitalocean.com/ubuntu/ precise-updates/main apt-utils amd64 0.8.16~exp12ubuntu10.16 [192 kB]
Get:28 http://mirrors.digitalocean.com/ubuntu/ precise-updates/main libdevmapper1.02.1 amd64 2:1.02.48-4ubuntu7.4 [68.1 kB]
Get:29 http://mirrors.digitalocean.com/ubuntu/ precise-updates/main initramfs-tools all 0.99ubuntu13.5 [49.0 kB]
Get:30 http://mirrors.digitalocean.com/ubuntu/ precise-updates/main initramfs-tools-bin amd64 0.99ubuntu13.5 [9,782 B]
Get:31 http://mirrors.digitalocean.com/ubuntu/ precise-updates/main procps amd64 1:3.2.8-11ubuntu6.3 [235 kB]
Get:32 http://mirrors.digitalocean.com/ubuntu/ precise-updates/main dmsetup amd64 2:1.02.48-4ubuntu7.4 [37.4 kB]
Get:33 http://mirrors.digitalocean.com/ubuntu/ precise-updates/main udev amd64 175-0ubuntu9.5 [314 kB]
Get:34 http://mirrors.digitalocean.com/ubuntu/ precise-updates/main file amd64 5.09-2ubuntu0.2 [19.7 kB]
Get:35 http://mirrors.digitalocean.com/ubuntu/ precise-updates/main libmagic1 amd64 5.09-2ubuntu0.2 [217 kB]
Get:36 http://mirrors.digitalocean.com/ubuntu/ precise-updates/main rsyslog amd64 5.8.6-1ubuntu8.6 [426 kB]
Get:37 http://mirrors.digitalocean.com/ubuntu/ precise-updates/main sudo amd64 1.8.3p1-1ubuntu3.6 [299 kB]
Get:38 http://mirrors.digitalocean.com/ubuntu/ precise-updates/main xkb-data all 2.5-1ubuntu1.5 [473 kB]
Get:39 http://mirrors.digitalocean.com/ubuntu/ precise-updates/main iproute amd64 20111117-1ubuntu2.1 [442 kB]
Get:40 http://mirrors.digitalocean.com/ubuntu/ precise-updates/main accountsservice amd64 0.6.15-2ubuntu9.7 [44.2 kB]
Get:41 http://mirrors.digitalocean.com/ubuntu/ precise-updates/main libaccountsservice0 amd64 0.6.15-2ubuntu9.7 [30.1 kB]
Get:42 http://mirrors.digitalocean.com/ubuntu/ precise-updates/main apt-transport-https amd64 0.8.16~exp12ubuntu10.16 [16.3 kB]
Get:43 http://mirrors.digitalocean.com/ubuntu/ precise-updates/main bind9-host amd64 1:9.8.1.dfsg.P1-4ubuntu0.8 [55.4 kB]
Get:44 http://mirrors.digitalocean.com/ubuntu/ precise-updates/main dnsutils amd64 1:9.8.1.dfsg.P1-4ubuntu0.8 [148 kB]
Get:45 http://mirrors.digitalocean.com/ubuntu/ precise-updates/main libisc83 amd64 1:9.8.1.dfsg.P1-4ubuntu0.8 [161 kB]
Get:46 http://mirrors.digitalocean.com/ubuntu/ precise-updates/main libdns81 amd64 1:9.8.1.dfsg.P1-4ubuntu0.8 [704 kB]
Get:47 http://mirrors.digitalocean.com/ubuntu/ precise-updates/main libisccc80 amd64 1:9.8.1.dfsg.P1-4ubuntu0.8 [17.6 kB]
Get:48 http://mirrors.digitalocean.com/ubuntu/ precise-updates/main libisccfg82 amd64 1:9.8.1.dfsg.P1-4ubuntu0.8 [43.4 kB]
Get:49 http://mirrors.digitalocean.com/ubuntu/ precise-updates/main liblwres80 amd64 1:9.8.1.dfsg.P1-4ubuntu0.8 [38.0 kB]
Get:50 http://mirrors.digitalocean.com/ubuntu/ precise-updates/main libbind9-80 amd64 1:9.8.1.dfsg.P1-4ubuntu0.8 [24.3 kB]
Get:51 http://mirrors.digitalocean.com/ubuntu/ precise-updates/main openssh-server amd64 1:5.9p1-5ubuntu1.2 [338 kB]
Get:52 http://mirrors.digitalocean.com/ubuntu/ precise-updates/main openssh-client amd64 1:5.9p1-5ubuntu1.2 [943 kB]
Get:53 http://mirrors.digitalocean.com/ubuntu/ precise-updates/main python-apt-common all 0.8.3ubuntu7.2 [22.2 kB]
Get:54 http://mirrors.digitalocean.com/ubuntu/ precise-updates/main python-apt amd64 0.8.3ubuntu7.2 [187 kB]
Get:55 http://mirrors.digitalocean.com/ubuntu/ precise-updates/main update-manager-core amd64 1:0.156.14.12 [181 kB]
Get:56 http://mirrors.digitalocean.com/ubuntu/ precise-updates/main python-problem-report all 2.0.1-0ubuntu17.6 [9,602 B]
Get:57 http://mirrors.digitalocean.com/ubuntu/ precise-updates/main python-apport all 2.0.1-0ubuntu17.6 [81.1 kB]
Get:58 http://mirrors.digitalocean.com/ubuntu/ precise-updates/main apport all 2.0.1-0ubuntu17.6 [148 kB]
Get:59 http://mirrors.digitalocean.com/ubuntu/ precise-updates/main bc amd64 1.06.95-2ubuntu1 [91.1 kB]
Get:60 http://mirrors.digitalocean.com/ubuntu/ precise-updates/main curl amd64 7.22.0-3ubuntu4.7 [138 kB]
Get:61 http://mirrors.digitalocean.com/ubuntu/ precise-updates/main grub-pc amd64 1.99-21ubuntu3.14 [140 kB]
Get:62 http://mirrors.digitalocean.com/ubuntu/ precise-updates/main grub-pc-bin amd64 1.99-21ubuntu3.14 [870 kB]
Get:63 http://mirrors.digitalocean.com/ubuntu/ precise-updates/main grub2-common amd64 1.99-21ubuntu3.14 [95.1 kB]
Get:64 http://mirrors.digitalocean.com/ubuntu/ precise-updates/main grub-common amd64 1.99-21ubuntu3.14 [2,074 kB]
Get:65 http://mirrors.digitalocean.com/ubuntu/ precise-updates/main landscape-common amd64 13.07.3-0ubuntu0.12.04 [206 kB]
Get:66 http://mirrors.digitalocean.com/ubuntu/ precise-updates/main linux-firmware all 1.79.11 [27.7 MB]
Get:67 http://mirrors.digitalocean.com/ubuntu/ precise-updates/main linux-generic-lts-raring amd64 3.8.0.38.38 [1,740 B]
Get:68 http://mirrors.digitalocean.com/ubuntu/ precise-updates/main python-lazr.restfulclient all 0.12.0-1ubuntu1.1 [54.8 kB]
Get:69 http://mirrors.digitalocean.com/ubuntu/ precise-updates/main wpasupplicant amd64 0.7.3-6ubuntu2.2 [492 kB]
Fetched 60.1 MB in 1s (31.0 MB/s)   
Extracting templates from packages: 100%
Preconfiguring packages ...
(Reading database ... 51452 files and directories currently installed.)
Preparing to replace base-files 6.5ubuntu6.6 (using .../base-files_6.5ubuntu6.7_amd64.deb) ...
Unpacking replacement base-files ...
Processing triggers for man-db ...
Processing triggers for install-info ...
Processing triggers for plymouth-theme-ubuntu-text ...
update-initramfs: deferring update (trigger activated)
Processing triggers for initramfs-tools ...
update-initramfs: Generating /boot/initrd.img-3.8.0-29-generic
Setting up base-files (6.5ubuntu6.7) ...
Installing new version of config file /etc/issue ...
Installing new version of config file /etc/issue.net ...
Installing new version of config file /etc/lsb-release ...
Installing new version of config file /etc/os-release ...
Processing triggers for plymouth-theme-ubuntu-text ...
update-initramfs: deferring update (trigger activated)
Processing triggers for initramfs-tools ...
update-initramfs: Generating /boot/initrd.img-3.8.0-29-generic
(Reading database ... 51452 files and directories currently installed.)
Preparing to replace perl 5.14.2-6ubuntu2.3 (using .../perl_5.14.2-6ubuntu2.4_amd64.deb) ...
Unpacking replacement perl ...
Preparing to replace perl-base 5.14.2-6ubuntu2.3 (using .../perl-base_5.14.2-6ubuntu2.4_amd64.deb) ...
Unpacking replacement perl-base ...
Processing triggers for man-db ...
Setting up perl-base (5.14.2-6ubuntu2.4) ...
(Reading database ... 51452 files and directories currently installed.)
Preparing to replace perl-modules 5.14.2-6ubuntu2.3 (using .../perl-modules_5.14.2-6ubuntu2.4_all.deb) ...
Unpacking replacement perl-modules ...
Preparing to replace libapt-pkg4.12 0.8.16~exp12ubuntu10.15 (using .../libapt-pkg4.12_0.8.16~exp12ubuntu10.16_amd64.deb) ...
Unpacking replacement libapt-pkg4.12 ...
Setting up libapt-pkg4.12 (0.8.16~exp12ubuntu10.16) ...
Processing triggers for libc-bin ...
ldconfig deferred processing now taking place
(Reading database ... 51452 files and directories currently installed.)
Preparing to replace gpgv 1.4.11-3ubuntu2.4 (using .../gpgv_1.4.11-3ubuntu2.5_amd64.deb) ...
Unpacking replacement gpgv ...
Processing triggers for man-db ...
Setting up gpgv (1.4.11-3ubuntu2.5) ...
(Reading database ... 51452 files and directories currently installed.)
Preparing to replace gnupg 1.4.11-3ubuntu2.4 (using .../gnupg_1.4.11-3ubuntu2.5_amd64.deb) ...
Unpacking replacement gnupg ...
Processing triggers for man-db ...
Processing triggers for install-info ...
Setting up gnupg (1.4.11-3ubuntu2.5) ...
(Reading database ... 51452 files and directories currently installed.)
Preparing to replace apt 0.8.16~exp12ubuntu10.15 (using .../apt_0.8.16~exp12ubuntu10.16_amd64.deb) ...
Unpacking replacement apt ...
Processing triggers for man-db ...
Setting up apt (0.8.16~exp12ubuntu10.16) ...
Installing new version of config file /etc/kernel/postinst.d/apt-auto-removal ...
gpg: key 437D05B5: "Ubuntu Archive Automatic Signing Key <ftpmaster@ubuntu.com>" not changed
gpg: key FBB75451: "Ubuntu CD Image Automatic Signing Key <cdimage@ubuntu.com>" not changed
gpg: key C0B21F32: "Ubuntu Archive Automatic Signing Key (2012) <ftpmaster@ubuntu.com>" not changed
gpg: key EFE21092: "Ubuntu CD Image Automatic Signing Key (2012) <cdimage@ubuntu.com>" not changed
gpg: Total number processed: 4
gpg:              unchanged: 4
(Reading database ... 51452 files and directories currently installed.)
Preparing to replace libssl1.0.0 1.0.1-4ubuntu5.10 (using .../libssl1.0.0_1.0.1-4ubuntu5.11_amd64.deb) ...
Unpacking replacement libssl1.0.0 ...
Setting up libssl1.0.0 (1.0.1-4ubuntu5.11) ...
Processing triggers for libc-bin ...
ldconfig deferred processing now taking place
(Reading database ... 51452 files and directories currently installed.)
Preparing to replace libapt-inst1.4 0.8.16~exp12ubuntu10.15 (using .../libapt-inst1.4_0.8.16~exp12ubuntu10.16_amd64.deb) ...
Unpacking replacement libapt-inst1.4 ...
Preparing to replace libdrm2 2.4.43-0ubuntu0.0.3 (using .../libdrm2_2.4.46-1ubuntu0.0.0.1_amd64.deb) ...
Unpacking replacement libdrm2 ...
Preparing to replace libdrm-intel1 2.4.43-0ubuntu0.0.3 (using .../libdrm-intel1_2.4.46-1ubuntu0.0.0.1_amd64.deb) ...
Unpacking replacement libdrm-intel1 ...
Preparing to replace libdrm-nouveau1a 2.4.43-0ubuntu0.0.3 (using .../libdrm-nouveau1a_2.4.46-1ubuntu0.0.0.1_amd64.deb) ...
Unpacking replacement libdrm-nouveau1a ...
Preparing to replace libdrm-radeon1 2.4.43-0ubuntu0.0.3 (using .../libdrm-radeon1_2.4.46-1ubuntu0.0.0.1_amd64.deb) ...
Unpacking replacement libdrm-radeon1 ...
Preparing to replace libudev0 175-0ubuntu9.4 (using .../libudev0_175-0ubuntu9.5_amd64.deb) ...
Unpacking replacement libudev0 ...
Preparing to replace libgnutls26 2.12.14-5ubuntu3.5 (using .../libgnutls26_2.12.14-5ubuntu3.7_amd64.deb) ...
Unpacking replacement libgnutls26 ...
Preparing to replace openssl 1.0.1-4ubuntu5.10 (using .../openssl_1.0.1-4ubuntu5.11_amd64.deb) ...
Unpacking replacement openssl ...
Preparing to replace ca-certificates 20111211 (using .../ca-certificates_20130906ubuntu0.12.04.1_all.deb) ...
Unpacking replacement ca-certificates ...
Preparing to replace libcurl3-gnutls 7.22.0-3ubuntu4.3 (using .../libcurl3-gnutls_7.22.0-3ubuntu4.7_amd64.deb) ...
Unpacking replacement libcurl3-gnutls ...
Preparing to replace language-pack-en 1:12.04+20130128 (using .../language-pack-en_1%3a12.04+20140106_all.deb) ...
Unpacking replacement language-pack-en ...
Preparing to replace language-pack-en-base 1:12.04+20130128 (using .../language-pack-en-base_1%3a12.04+20140106_all.deb) ...
Unpacking replacement language-pack-en-base ...
Preparing to replace libcurl3 7.22.0-3ubuntu4.3 (using .../libcurl3_7.22.0-3ubuntu4.7_amd64.deb) ...
Unpacking replacement libcurl3 ...
Preparing to replace libpython2.7 2.7.3-0ubuntu3.4 (using .../libpython2.7_2.7.3-0ubuntu3.5_amd64.deb) ...
Unpacking replacement libpython2.7 ...
Preparing to replace python2.7 2.7.3-0ubuntu3.4 (using .../python2.7_2.7.3-0ubuntu3.5_amd64.deb) ...
Unpacking replacement python2.7 ...
Preparing to replace python2.7-minimal 2.7.3-0ubuntu3.4 (using .../python2.7-minimal_2.7.3-0ubuntu3.5_amd64.deb) ...
Unpacking replacement python2.7-minimal ...
Processing triggers for man-db ...
Setting up python2.7-minimal (2.7.3-0ubuntu3.5) ...
(Reading database ... 51477 files and directories currently installed.)
Preparing to replace tzdata 2013g-0ubuntu0.12.04 (using .../tzdata_2014a-0ubuntu0.12.04_all.deb) ...
Unpacking replacement tzdata ...
Setting up tzdata (2014a-0ubuntu0.12.04) ...

Current default time zone: 'America/New_York'
Local time is now:      Wed Apr  2 10:29:49 EDT 2014.
Universal Time is now:  Wed Apr  2 14:29:49 UTC 2014.
Run 'dpkg-reconfigure tzdata' if you wish to change it.

(Reading database ... 51456 files and directories currently installed.)
Preparing to replace apt-utils 0.8.16~exp12ubuntu10.15 (using .../apt-utils_0.8.16~exp12ubuntu10.16_amd64.deb) ...
Unpacking replacement apt-utils ...
Preparing to replace libdevmapper1.02.1 2:1.02.48-4ubuntu7.3 (using .../libdevmapper1.02.1_2%3a1.02.48-4ubuntu7.4_amd64.deb) ...
Unpacking replacement libdevmapper1.02.1 ...
Preparing to replace initramfs-tools 0.99ubuntu13.2 (using .../initramfs-tools_0.99ubuntu13.5_all.deb) ...
Unpacking replacement initramfs-tools ...
Preparing to replace initramfs-tools-bin 0.99ubuntu13.2 (using .../initramfs-tools-bin_0.99ubuntu13.5_amd64.deb) ...
Unpacking replacement initramfs-tools-bin ...
Preparing to replace procps 1:3.2.8-11ubuntu6.2 (using .../procps_1%3a3.2.8-11ubuntu6.3_amd64.deb) ...
Unpacking replacement procps ...
Preparing to replace dmsetup 2:1.02.48-4ubuntu7.3 (using .../dmsetup_2%3a1.02.48-4ubuntu7.4_amd64.deb) ...
Unpacking replacement dmsetup ...
Preparing to replace udev 175-0ubuntu9.4 (using .../udev_175-0ubuntu9.5_amd64.deb) ...
Adding 'diversion of /sbin/udevadm to /sbin/udevadm.upgrade by fake-udev'
Unpacking replacement udev ...
Preparing to replace file 5.09-2 (using .../file_5.09-2ubuntu0.2_amd64.deb) ...
Unpacking replacement file ...
Preparing to replace libmagic1 5.09-2 (using .../libmagic1_5.09-2ubuntu0.2_amd64.deb) ...
Unpacking replacement libmagic1 ...
Preparing to replace rsyslog 5.8.6-1ubuntu8.5 (using .../rsyslog_5.8.6-1ubuntu8.6_amd64.deb) ...
Unpacking replacement rsyslog ...
Preparing to replace sudo 1.8.3p1-1ubuntu3.4 (using .../sudo_1.8.3p1-1ubuntu3.6_amd64.deb) ...
Unpacking replacement sudo ...
Preparing to replace xkb-data 2.5-1ubuntu1.3 (using .../xkb-data_2.5-1ubuntu1.5_all.deb) ...
Unpacking replacement xkb-data ...
Preparing to replace iproute 20111117-1ubuntu2 (using .../iproute_20111117-1ubuntu2.1_amd64.deb) ...
Unpacking replacement iproute ...
Preparing to replace accountsservice 0.6.15-2ubuntu9.6.1 (using .../accountsservice_0.6.15-2ubuntu9.7_amd64.deb) ...
Unpacking replacement accountsservice ...
Preparing to replace libaccountsservice0 0.6.15-2ubuntu9.6.1 (using .../libaccountsservice0_0.6.15-2ubuntu9.7_amd64.deb) ...
Unpacking replacement libaccountsservice0 ...
Preparing to replace apt-transport-https 0.8.16~exp12ubuntu10.15 (using .../apt-transport-https_0.8.16~exp12ubuntu10.16_amd64.deb) ...
Unpacking replacement apt-transport-https ...
Preparing to replace bind9-host 1:9.8.1.dfsg.P1-4ubuntu0.7 (using .../bind9-host_1%3a9.8.1.dfsg.P1-4ubuntu0.8_amd64.deb) ...
Unpacking replacement bind9-host ...
Preparing to replace dnsutils 1:9.8.1.dfsg.P1-4ubuntu0.7 (using .../dnsutils_1%3a9.8.1.dfsg.P1-4ubuntu0.8_amd64.deb) ...
Unpacking replacement dnsutils ...
Preparing to replace libisc83 1:9.8.1.dfsg.P1-4ubuntu0.7 (using .../libisc83_1%3a9.8.1.dfsg.P1-4ubuntu0.8_amd64.deb) ...
Unpacking replacement libisc83 ...
Preparing to replace libdns81 1:9.8.1.dfsg.P1-4ubuntu0.7 (using .../libdns81_1%3a9.8.1.dfsg.P1-4ubuntu0.8_amd64.deb) ...
Unpacking replacement libdns81 ...
Preparing to replace libisccc80 1:9.8.1.dfsg.P1-4ubuntu0.7 (using .../libisccc80_1%3a9.8.1.dfsg.P1-4ubuntu0.8_amd64.deb) ...
Unpacking replacement libisccc80 ...
Preparing to replace libisccfg82 1:9.8.1.dfsg.P1-4ubuntu0.7 (using .../libisccfg82_1%3a9.8.1.dfsg.P1-4ubuntu0.8_amd64.deb) ...
Unpacking replacement libisccfg82 ...
Preparing to replace liblwres80 1:9.8.1.dfsg.P1-4ubuntu0.7 (using .../liblwres80_1%3a9.8.1.dfsg.P1-4ubuntu0.8_amd64.deb) ...
Unpacking replacement liblwres80 ...
Preparing to replace libbind9-80 1:9.8.1.dfsg.P1-4ubuntu0.7 (using .../libbind9-80_1%3a9.8.1.dfsg.P1-4ubuntu0.8_amd64.deb) ...
Unpacking replacement libbind9-80 ...
Preparing to replace openssh-server 1:5.9p1-5ubuntu1.1 (using .../openssh-server_1%3a5.9p1-5ubuntu1.2_amd64.deb) ...
Unpacking replacement openssh-server ...
Preparing to replace openssh-client 1:5.9p1-5ubuntu1.1 (using .../openssh-client_1%3a5.9p1-5ubuntu1.2_amd64.deb) ...
Unpacking replacement openssh-client ...
Preparing to replace python-apt-common 0.8.3ubuntu7.1 (using .../python-apt-common_0.8.3ubuntu7.2_all.deb) ...
Unpacking replacement python-apt-common ...
Preparing to replace python-apt 0.8.3ubuntu7.1 (using .../python-apt_0.8.3ubuntu7.2_amd64.deb) ...
Unpacking replacement python-apt ...
Preparing to replace update-manager-core 1:0.156.14.11 (using .../update-manager-core_1%3a0.156.14.12_amd64.deb) ...
Unpacking replacement update-manager-core ...
Preparing to replace python-problem-report 2.0.1-0ubuntu17.5 (using .../python-problem-report_2.0.1-0ubuntu17.6_all.deb) ...
Unpacking replacement python-problem-report ...
Preparing to replace python-apport 2.0.1-0ubuntu17.5 (using .../python-apport_2.0.1-0ubuntu17.6_all.deb) ...
Unpacking replacement python-apport ...
Preparing to replace apport 2.0.1-0ubuntu17.5 (using .../apport_2.0.1-0ubuntu17.6_all.deb) ...
apport stop/waiting
Unpacking replacement apport ...
Preparing to replace bc 1.06.95-2 (using .../bc_1.06.95-2ubuntu1_amd64.deb) ...
Unpacking replacement bc ...
Preparing to replace curl 7.22.0-3ubuntu4.3 (using .../curl_7.22.0-3ubuntu4.7_amd64.deb) ...
Unpacking replacement curl ...
Preparing to replace grub-pc 1.99-21ubuntu3.10 (using .../grub-pc_1.99-21ubuntu3.14_amd64.deb) ...
Unpacking replacement grub-pc ...
Preparing to replace grub-pc-bin 1.99-21ubuntu3.10 (using .../grub-pc-bin_1.99-21ubuntu3.14_amd64.deb) ...
Unpacking replacement grub-pc-bin ...
Preparing to replace grub2-common 1.99-21ubuntu3.10 (using .../grub2-common_1.99-21ubuntu3.14_amd64.deb) ...
Unpacking replacement grub2-common ...
Preparing to replace grub-common 1.99-21ubuntu3.10 (using .../grub-common_1.99-21ubuntu3.14_amd64.deb) ...
Unpacking replacement grub-common ...
Preparing to replace landscape-common 12.05-0ubuntu1.12.04 (using .../landscape-common_13.07.3-0ubuntu0.12.04_amd64.deb) ...
Unpacking replacement landscape-common ...
Preparing to replace linux-firmware 1.79.7 (using .../linux-firmware_1.79.11_all.deb) ...
Unpacking replacement linux-firmware ...
Preparing to replace linux-generic-lts-raring 3.8.0.32.32 (using .../linux-generic-lts-raring_3.8.0.38.38_amd64.deb) ...
Unpacking replacement linux-generic-lts-raring ...
Preparing to replace python-lazr.restfulclient 0.12.0-1ubuntu1 (using .../python-lazr.restfulclient_0.12.0-1ubuntu1.1_all.deb) ...
Unpacking replacement python-lazr.restfulclient ...
Preparing to replace wpasupplicant 0.7.3-6ubuntu2.1 (using .../wpasupplicant_0.7.3-6ubuntu2.2_amd64.deb) ...
Unpacking replacement wpasupplicant ...
Processing triggers for man-db ...
Processing triggers for ureadahead ...
Processing triggers for ufw ...
Processing triggers for install-info ...
Setting up libapt-inst1.4 (0.8.16~exp12ubuntu10.16) ...
Setting up libdrm2 (2.4.46-1ubuntu0.0.0.1) ...
Setting up libdrm-intel1 (2.4.46-1ubuntu0.0.0.1) ...
Setting up libdrm-nouveau1a (2.4.46-1ubuntu0.0.0.1) ...
Setting up libdrm-radeon1 (2.4.46-1ubuntu0.0.0.1) ...
Setting up libudev0 (175-0ubuntu9.5) ...
Setting up libgnutls26 (2.12.14-5ubuntu3.7) ...
Setting up openssl (1.0.1-4ubuntu5.11) ...
Setting up ca-certificates (20130906ubuntu0.12.04.1) ...
Updating certificates in /etc/ssl/certs... 21 added, 9 removed; done.
Running hooks in /etc/ca-certificates/update.d....done.
Setting up libcurl3-gnutls (7.22.0-3ubuntu4.7) ...
Setting up libcurl3 (7.22.0-3ubuntu4.7) ...
Setting up python2.7 (2.7.3-0ubuntu3.5) ...
Setting up libpython2.7 (2.7.3-0ubuntu3.5) ...
Setting up apt-utils (0.8.16~exp12ubuntu10.16) ...
Setting up initramfs-tools-bin (0.99ubuntu13.5) ...
Setting up procps (1:3.2.8-11ubuntu6.3) ...
procps stop/waiting
Setting up libmagic1 (5.09-2ubuntu0.2) ...
Setting up file (5.09-2ubuntu0.2) ...
Setting up rsyslog (5.8.6-1ubuntu8.6) ...
Skipping profile in /etc/apparmor.d/disable: usr.sbin.rsyslogd
rsyslog stop/waiting
rsyslog start/running, process 23451
Setting up sudo (1.8.3p1-1ubuntu3.6) ...
Installing new version of config file /etc/init.d/sudo ...
Setting up xkb-data (2.5-1ubuntu1.5) ...
Setting up iproute (20111117-1ubuntu2.1) ...
Setting up libaccountsservice0 (0.6.15-2ubuntu9.7) ...
Setting up accountsservice (0.6.15-2ubuntu9.7) ...
Setting up apt-transport-https (0.8.16~exp12ubuntu10.16) ...
Setting up libisc83 (1:9.8.1.dfsg.P1-4ubuntu0.8) ...
Setting up libdns81 (1:9.8.1.dfsg.P1-4ubuntu0.8) ...
Setting up libisccc80 (1:9.8.1.dfsg.P1-4ubuntu0.8) ...
Setting up libisccfg82 (1:9.8.1.dfsg.P1-4ubuntu0.8) ...
Setting up libbind9-80 (1:9.8.1.dfsg.P1-4ubuntu0.8) ...
Setting up liblwres80 (1:9.8.1.dfsg.P1-4ubuntu0.8) ...
Setting up bind9-host (1:9.8.1.dfsg.P1-4ubuntu0.8) ...
Setting up dnsutils (1:9.8.1.dfsg.P1-4ubuntu0.8) ...
Setting up openssh-client (1:5.9p1-5ubuntu1.2) ...
Setting up openssh-server (1:5.9p1-5ubuntu1.2) ...
ssh stop/waiting
ssh start/running, process 23582
Setting up python-apt-common (0.8.3ubuntu7.2) ...
Setting up python-apt (0.8.3ubuntu7.2) ...
Setting up update-manager-core (1:0.156.14.12) ...
Setting up python-problem-report (2.0.1-0ubuntu17.6) ...
Setting up python-apport (2.0.1-0ubuntu17.6) ...
Setting up apport (2.0.1-0ubuntu17.6) ...
apport start/running
Setting up bc (1.06.95-2ubuntu1) ...
Setting up curl (7.22.0-3ubuntu4.7) ...
Setting up landscape-common (13.07.3-0ubuntu0.12.04) ...
Setting up linux-firmware (1.79.11) ...
Setting up linux-generic-lts-raring (3.8.0.38.38) ...
Setting up python-lazr.restfulclient (0.12.0-1ubuntu1.1) ...
Setting up wpasupplicant (0.7.3-6ubuntu2.2) ...
Setting up libdevmapper1.02.1 (2:1.02.48-4ubuntu7.4) ...
Setting up grub-common (1.99-21ubuntu3.14) ...
Installing new version of config file /etc/grub.d/00_header ...
Installing new version of config file /etc/grub.d/30_os-prober ...
Installing new version of config file /etc/grub.d/20_linux_xen ...
Installing new version of config file /etc/grub.d/10_linux ...
Setting up grub2-common (1.99-21ubuntu3.14) ...
Setting up grub-pc-bin (1.99-21ubuntu3.14) ...
Setting up grub-pc (1.99-21ubuntu3.14) ...
/usr/sbin/grub-setup: warn: Attempting to install GRUB to a partitionless disk or to a partition.  This is a BAD idea..
/usr/sbin/grub-setup: warn: Embedding is not possible.  GRUB can only be installed in this setup by using blocklists.  However, blocklists are UNRELIABLE and their use is discouraged..
Installation finished. No error reported.
Generating grub.cfg ...
Found linux image: /boot/vmlinuz-3.8.0-29-generic
Found initrd image: /boot/initrd.img-3.8.0-29-generic
Found memtest86+ image: /boot/memtest86+.bin
done
Setting up perl-modules (5.14.2-6ubuntu2.4) ...
Setting up language-pack-en (1:12.04+20140106) ...
Setting up language-pack-en-base (1:12.04+20140106) ...
Generating locales...
  en_AG.UTF-8... up-to-date
  en_AU.UTF-8... up-to-date
  en_BW.UTF-8... up-to-date
  en_CA.UTF-8... up-to-date
  en_DK.UTF-8... up-to-date
  en_GB.UTF-8... up-to-date
  en_HK.UTF-8... up-to-date
  en_IE.UTF-8... up-to-date
  en_IN.UTF-8... up-to-date
  en_NG.UTF-8... up-to-date
  en_NZ.UTF-8... up-to-date
  en_PH.UTF-8... up-to-date
  en_SG.UTF-8... up-to-date
  en_US.UTF-8... up-to-date
  en_ZA.UTF-8... up-to-date
  en_ZM.UTF-8... up-to-date
  en_ZW.UTF-8... up-to-date
Generation complete.
Setting up initramfs-tools (0.99ubuntu13.5) ...
update-initramfs: deferring update (trigger activated)
Setting up udev (175-0ubuntu9.5) ...
udev stop/waiting
udev start/running, process 25793
Removing 'diversion of /sbin/udevadm to /sbin/udevadm.upgrade by fake-udev'
update-initramfs: deferring update (trigger activated)
Setting up dmsetup (2:1.02.48-4ubuntu7.4) ...
update-initramfs: deferring update (trigger activated)
Setting up perl (5.14.2-6ubuntu2.4) ...
Processing triggers for libc-bin ...
ldconfig deferred processing now taking place
Processing triggers for initramfs-tools ...
update-initramfs: Generating /boot/initrd.img-3.8.0-29-generic
russ@Staging:~$ exit
logout
Connection to 162.243.34.80 closed.
➜  ~  clear

                                                                                























➜  ~  ssh russ@162.243.34.80
russ@162.243.34.80's password: 
Welcome to Ubuntu 12.04.4 LTS (GNU/Linux 3.8.0-29-generic x86_64)

 * Documentation:  https://help.ubuntu.com/

  System information as of Wed Apr  2 10:31:17 EDT 2014

  System load:  0.26              Processes:           70
  Usage of /:   6.1% of 19.56GB   Users logged in:     0
  Memory usage: 17%               IP address for eth0: 162.243.34.80
  Swap usage:   0%

  Graph this data and manage this system at:
    https://landscape.canonical.com/

*** System restart required ***
Last login: Wed Apr  2 10:28:49 2014 from 66.192.104.13
russ@Staging:~$ reboot
reboot: Need to be root
russ@Staging:~$ exit
logout
Connection to 162.243.34.80 closed.
➜  ~  ssh root@162.243.34.80
root@162.243.34.80's password: 
Welcome to Ubuntu 12.04.4 LTS (GNU/Linux 3.8.0-29-generic x86_64)

 * Documentation:  https://help.ubuntu.com/

  System information as of Wed Apr  2 10:31:48 EDT 2014

  System load:  0.16              Processes:           70
  Usage of /:   6.1% of 19.56GB   Users logged in:     0
  Memory usage: 17%               IP address for eth0: 162.243.34.80
  Swap usage:   0%

  Graph this data and manage this system at:
    https://landscape.canonical.com/

*** System restart required ***
Last login: Wed Apr  2 10:27:14 2014 from 66.192.104.13
root@Staging:~# reboot
root@Staging:~# 
Broadcast message from root@Staging
	(/dev/pts/0) at 10:31 ...

The system is going down for reboot NOW!
Connection to 162.243.34.80 closed by remote host.
Connection to 162.243.34.80 closed.
➜  ~  ssh russ@162.243.34.80
russ@162.243.34.80's password: 
Welcome to Ubuntu 12.04.4 LTS (GNU/Linux 3.8.0-29-generic x86_64)

 * Documentation:  https://help.ubuntu.com/

  System information as of Wed Apr  2 10:32:04 EDT 2014

  System load:  0.0               Processes:           75
  Usage of /:   6.0% of 19.56GB   Users logged in:     0
  Memory usage: 11%               IP address for eth0: 162.243.34.80
  Swap usage:   0%

  Graph this data and manage this system at:
    https://landscape.canonical.com/

Last login: Wed Apr  2 10:31:18 2014 from 66.192.104.13
russ@Staging:~$ sudo apt-get install apache2
[sudo] password for russ: 
Reading package lists... Done
Building dependency tree       
Reading state information... Done
The following extra packages will be installed:
  apache2-mpm-worker apache2-utils apache2.2-bin apache2.2-common libapr1
  libaprutil1 libaprutil1-dbd-sqlite3 libaprutil1-ldap ssl-cert
Suggested packages:
  apache2-doc apache2-suexec apache2-suexec-custom openssl-blacklist
The following NEW packages will be installed:
  apache2 apache2-mpm-worker apache2-utils apache2.2-bin apache2.2-common
  libapr1 libaprutil1 libaprutil1-dbd-sqlite3 libaprutil1-ldap ssl-cert
0 upgraded, 10 newly installed, 0 to remove and 2 not upgraded.
Need to get 1,855 kB of archives.
After this operation, 5,682 kB of additional disk space will be used.
Do you want to continue [Y/n]? y
Get:1 http://mirrors.digitalocean.com/ubuntu/ precise/main libapr1 amd64 1.4.6-1 [89.6 kB]
Get:2 http://mirrors.digitalocean.com/ubuntu/ precise/main libaprutil1 amd64 1.3.12+dfsg-3 [74.6 kB]
Get:3 http://mirrors.digitalocean.com/ubuntu/ precise/main libaprutil1-dbd-sqlite3 amd64 1.3.12+dfsg-3 [10.4 kB]
Get:4 http://mirrors.digitalocean.com/ubuntu/ precise/main libaprutil1-ldap amd64 1.3.12+dfsg-3 [8,044 B]
Get:5 http://mirrors.digitalocean.com/ubuntu/ precise-updates/main apache2.2-bin amd64 2.2.22-1ubuntu1.5 [1,339 kB]
Get:6 http://mirrors.digitalocean.com/ubuntu/ precise-updates/main apache2-utils amd64 2.2.22-1ubuntu1.5 [91.3 kB]
Get:7 http://mirrors.digitalocean.com/ubuntu/ precise-updates/main apache2.2-common amd64 2.2.22-1ubuntu1.5 [226 kB]
Get:8 http://mirrors.digitalocean.com/ubuntu/ precise-updates/main apache2-mpm-worker amd64 2.2.22-1ubuntu1.5 [2,290 B]
Get:9 http://mirrors.digitalocean.com/ubuntu/ precise-updates/main apache2 amd64 2.2.22-1ubuntu1.5 [1,494 B]
Get:10 http://mirrors.digitalocean.com/ubuntu/ precise-updates/main ssl-cert all 1.0.28ubuntu0.1 [12.3 kB]
Fetched 1,855 kB in 0s (18.1 MB/s)
Preconfiguring packages ...
Selecting previously unselected package libapr1.
(Reading database ... 51550 files and directories currently installed.)
Unpacking libapr1 (from .../libapr1_1.4.6-1_amd64.deb) ...
Selecting previously unselected package libaprutil1.
Unpacking libaprutil1 (from .../libaprutil1_1.3.12+dfsg-3_amd64.deb) ...
Selecting previously unselected package libaprutil1-dbd-sqlite3.
Unpacking libaprutil1-dbd-sqlite3 (from .../libaprutil1-dbd-sqlite3_1.3.12+dfsg-3_amd64.deb) ...
Selecting previously unselected package libaprutil1-ldap.
Unpacking libaprutil1-ldap (from .../libaprutil1-ldap_1.3.12+dfsg-3_amd64.deb) ...
Selecting previously unselected package apache2.2-bin.
Unpacking apache2.2-bin (from .../apache2.2-bin_2.2.22-1ubuntu1.5_amd64.deb) ...
Selecting previously unselected package apache2-utils.
Unpacking apache2-utils (from .../apache2-utils_2.2.22-1ubuntu1.5_amd64.deb) ...
Selecting previously unselected package apache2.2-common.
Unpacking apache2.2-common (from .../apache2.2-common_2.2.22-1ubuntu1.5_amd64.deb) ...
Selecting previously unselected package apache2-mpm-worker.
Unpacking apache2-mpm-worker (from .../apache2-mpm-worker_2.2.22-1ubuntu1.5_amd64.deb) ...
Selecting previously unselected package apache2.
Unpacking apache2 (from .../apache2_2.2.22-1ubuntu1.5_amd64.deb) ...
Selecting previously unselected package ssl-cert.
Unpacking ssl-cert (from .../ssl-cert_1.0.28ubuntu0.1_all.deb) ...
Processing triggers for man-db ...
Processing triggers for ureadahead ...
Processing triggers for ufw ...
Setting up libapr1 (1.4.6-1) ...
Setting up libaprutil1 (1.3.12+dfsg-3) ...
Setting up libaprutil1-dbd-sqlite3 (1.3.12+dfsg-3) ...
Setting up libaprutil1-ldap (1.3.12+dfsg-3) ...
Setting up apache2.2-bin (2.2.22-1ubuntu1.5) ...
Setting up apache2-utils (2.2.22-1ubuntu1.5) ...
Setting up apache2.2-common (2.2.22-1ubuntu1.5) ...
Enabling site default.
Enabling module alias.
Enabling module autoindex.
Enabling module dir.
Enabling module env.
Enabling module mime.
Enabling module negotiation.
Enabling module setenvif.
Enabling module status.
Enabling module auth_basic.
Enabling module deflate.
Enabling module authz_default.
Enabling module authz_user.
Enabling module authz_groupfile.
Enabling module authn_file.
Enabling module authz_host.
Enabling module reqtimeout.
Setting up apache2-mpm-worker (2.2.22-1ubuntu1.5) ...
 * Starting web server apache2                                                  apache2: Could not reliably determine the server's fully qualified domain name, using 127.0.0.1 for ServerName
                                                                         [ OK ]
Setting up apache2 (2.2.22-1ubuntu1.5) ...
Setting up ssl-cert (1.0.28ubuntu0.1) ...
Processing triggers for libc-bin ...
ldconfig deferred processing now taking place
russ@Staging:~$ sudo restart apache2
restart: Unknown job: apache2
russ@Staging:~$ sudo service apache2 restart
 * Restarting web server apache2                                                apache2: Could not reliably determine the server's fully qualified domain name, using 127.0.0.1 for ServerName
 ... waiting .apache2: Could not reliably determine the server's fully qualified domain name, using 127.0.0.1 for ServerName
                                                                         [ OK ]
russ@Staging:~$ cd /var/www
russ@Staging:/var/www$ ls
index.html
russ@Staging:/var/www$ cd ../
russ@Staging:/var$ ls -l
total 44
drwxr-xr-x  2 root root     4096 Apr  2 06:41 backups
drwxr-xr-x  9 root root     4096 Apr  2 10:34 cache
drwxrwsrwt  2 root whoopsie 4096 Oct 24 13:39 crash
drwxr-xr-x 34 root root     4096 Oct 24 17:01 lib
drwxrwsr-x  2 root staff    4096 Aug 18  2013 local
lrwxrwxrwx  1 root root        9 Oct 24 13:36 lock -> /run/lock
drwxr-xr-x 11 root root     4096 Apr  2 10:34 log
drwxrwsr-x  2 root mail     4096 Oct 24 13:36 mail
drwxr-xr-x  2 root root     4096 Oct 24 13:36 opt
lrwxrwxrwx  1 root root        4 Apr  2 10:31 run -> /run
drwxr-xr-x  5 root root     4096 Oct 24 13:36 spool
drwxrwxrwt  2 root root     4096 Aug 18  2013 tmp
drwxr-xr-x  2 root root     4096 Apr  2 10:34 www
russ@Staging:/var$ sudo chown russ www -R
russ@Staging:/var$ ls -l
total 44
drwxr-xr-x  2 root root     4096 Apr  2 06:41 backups
drwxr-xr-x  9 root root     4096 Apr  2 10:34 cache
drwxrwsrwt  2 root whoopsie 4096 Oct 24 13:39 crash
drwxr-xr-x 34 root root     4096 Oct 24 17:01 lib
drwxrwsr-x  2 root staff    4096 Aug 18  2013 local
lrwxrwxrwx  1 root root        9 Oct 24 13:36 lock -> /run/lock
drwxr-xr-x 11 root root     4096 Apr  2 10:34 log
drwxrwsr-x  2 root mail     4096 Oct 24 13:36 mail
drwxr-xr-x  2 root root     4096 Oct 24 13:36 opt
lrwxrwxrwx  1 root root        4 Apr  2 10:31 run -> /run
drwxr-xr-x  5 root root     4096 Oct 24 13:36 spool
drwxrwxrwt  2 root root     4096 Aug 18  2013 tmp
drwxr-xr-x  2 russ root     4096 Apr  2 10:34 www
russ@Staging:/var$ awk -F
awk: option -F lacks argument
russ@Staging:/var$ sudo apt-get install git
Reading package lists... Done
Building dependency tree       
Reading state information... Done
The following extra packages will be installed:
  git-man liberror-perl
Suggested packages:
  git-daemon-run git-daemon-sysvinit git-doc git-el git-arch git-cvs git-svn
  git-email git-gui gitk gitweb
The following NEW packages will be installed:
  git git-man liberror-perl
0 upgraded, 3 newly installed, 0 to remove and 2 not upgraded.
Need to get 6,741 kB of archives.
After this operation, 15.2 MB of additional disk space will be used.
Do you want to continue [Y/n]? y
Get:1 http://mirrors.digitalocean.com/ubuntu/ precise/main liberror-perl all 0.17-1 [23.8 kB]
Get:2 http://mirrors.digitalocean.com/ubuntu/ precise/main git-man all 1:1.7.9.5-1 [630 kB]
Get:3 http://mirrors.digitalocean.com/ubuntu/ precise/main git amd64 1:1.7.9.5-1 [6,087 kB]
Fetched 6,741 kB in 0s (29.3 MB/s)
Selecting previously unselected package liberror-perl.
(Reading database ... 52136 files and directories currently installed.)
Unpacking liberror-perl (from .../liberror-perl_0.17-1_all.deb) ...
Selecting previously unselected package git-man.
Unpacking git-man (from .../git-man_1%3a1.7.9.5-1_all.deb) ...
Selecting previously unselected package git.
Unpacking git (from .../git_1%3a1.7.9.5-1_amd64.deb) ...
Processing triggers for man-db ...
Setting up liberror-perl (0.17-1) ...
Setting up git-man (1:1.7.9.5-1) ...
Setting up git (1:1.7.9.5-1) ...
russ@Staging:/var$ sudo apt-get install git-core
Reading package lists... Done
Building dependency tree       
Reading state information... Done
The following NEW packages will be installed:
  git-core
0 upgraded, 1 newly installed, 0 to remove and 2 not upgraded.
Need to get 1,384 B of archives.
After this operation, 21.5 kB of additional disk space will be used.
Get:1 http://mirrors.digitalocean.com/ubuntu/ precise/main git-core all 1:1.7.9.5-1 [1,384 B]
Fetched 1,384 B in 0s (5,661 B/s)
Selecting previously unselected package git-core.
(Reading database ... 52785 files and directories currently installed.)
Unpacking git-core (from .../git-core_1%3a1.7.9.5-1_all.deb) ...
Setting up git-core (1:1.7.9.5-1) ...
russ@Staging:/var$ git config --global user.name "russ"
russ@Staging:/var$ git config --global user.email "russ93@fullsail.edu"
russ@Staging:/var$ git config --list
user.name=russ
user.email=russ93@fullsail.edu
russ@Staging:/var$ cd /var/www
russ@Staging:/var/www$ git init
Initialized empty Git repository in /var/www/.git/
russ@Staging:/var/www$ git remote add github git@github.com:Russ93/dwp.git
russ@Staging:/var/www$ get pull remote master
No command 'get' found, but there are 16 similar ones
get: command not found
russ@Staging:/var/www$ git pull remote master
fatal: 'remote' does not appear to be a git repository
fatal: The remote end hung up unexpectedly
russ@Staging:/var/www$ nano .git/config
russ@Staging:/var/www$ git pull github master
The authenticity of host 'github.com (192.30.252.129)' can't be established.
RSA key fingerprint is 16:27:ac:a5:76:28:2d:36:63:1b:56:4d:eb:df:a6:48.
Are you sure you want to continue connecting (yes/no)? yes
Warning: Permanently added 'github.com,192.30.252.129' (RSA) to the list of known hosts.
Permission denied (publickey).
fatal: The remote end hung up unexpectedly
russ@Staging:/var/www$ cd ~/.ssh
russ@Staging:~/.ssh$ ls
known_hosts
russ@Staging:~/.ssh$ ssh-keygen -t rsa -C "russ93@fullsail.edu"
Generating public/private rsa key pair.
Enter file in which to save the key (/home/russ/.ssh/id_rsa): 
Enter passphrase (empty for no passphrase): 
Enter same passphrase again: 
Your identification has been saved in /home/russ/.ssh/id_rsa.
Your public key has been saved in /home/russ/.ssh/id_rsa.pub.
The key fingerprint is:
9a:95:83:1b:82:a4:5c:6f:d2:1d:ec:be:67:99:33:07 russ93@fullsail.edu
The key's randomart image is:
+--[ RSA 2048]----+
|                 |
|      .          |
|  ..   o         |
|.o..o o...       |
|.....+ooS        |
|    o..* E       |
|      +.  +      |
|        .B .     |
|       .o +      |
+-----------------+
russ@Staging:~/.ssh$ ssh-add ~/.ssh/id_rsa
Could not open a connection to your authentication agent.
russ@Staging:~/.ssh$ less ~/.ssh/id_rsa.pub
russ@Staging:~/.ssh$ cd /var/www
russ@Staging:/var/www$ ls
index.html
russ@Staging:/var/www$ ls -l
total 4
-rw-r--r-- 1 russ root 177 Apr  2 10:34 index.html
russ@Staging:/var/www$ git pull github master
Warning: Permanently added the RSA host key for IP address '192.30.252.128' to the list of known hosts.
Enter passphrase for key '/home/russ/.ssh/id_rsa': 
remote: Counting objects: 3, done.
remote: Total 3 (delta 0), reused 0 (delta 0)
Unpacking objects: 100% (3/3), done.
From github.com:Russ93/dwp
 * branch            master     -> FETCH_HEAD
russ@Staging:/var/www$ ls -l
total 8
-rw-r--r-- 1 russ root 177 Apr  2 10:34 index.html
-rw-rw-r-- 1 russ russ   8 Apr  2 10:59 README.md
russ@Staging:/var/www$ ls -la
total 20
drwxr-xr-x  3 russ root 4096 Apr  2 10:59 .
drwxr-xr-x 13 root root 4096 Apr  2 10:34 ..
drwxrwxr-x  8 russ russ 4096 Apr  2 10:59 .git
-rw-r--r--  1 russ root  177 Apr  2 10:34 index.html
-rw-rw-r--  1 russ russ    8 Apr  2 10:59 README.md
russ@Staging:/var/www$ cd .git
russ@Staging:/var/www/.git$ ls -ls
total 44
4 drwxrwxr-x 2 russ russ 4096 Apr  2 10:48 branches
4 -rw-rw-r-- 1 russ russ  192 Apr  2 10:49 config
4 -rw-rw-r-- 1 russ russ   73 Apr  2 10:48 description
4 -rw-rw-r-- 1 russ russ   83 Apr  2 10:59 FETCH_HEAD
4 -rw-rw-r-- 1 russ russ   23 Apr  2 10:48 HEAD
4 drwxrwxr-x 2 russ russ 4096 Apr  2 10:48 hooks
4 -rw-rw-r-- 1 russ russ  137 Apr  2 10:59 index
4 drwxrwxr-x 2 russ russ 4096 Apr  2 10:48 info
4 drwxrwxr-x 3 russ russ 4096 Apr  2 10:59 logs
4 drwxrwxr-x 7 russ russ 4096 Apr  2 10:59 objects
4 drwxrwxr-x 4 russ russ 4096 Apr  2 10:48 refs
russ@Staging:/var/www/.git$ ls -la
total 52
drwxrwxr-x 8 russ russ 4096 Apr  2 10:59 .
drwxr-xr-x 3 russ root 4096 Apr  2 10:59 ..
drwxrwxr-x 2 russ russ 4096 Apr  2 10:48 branches
-rw-rw-r-- 1 russ russ  192 Apr  2 10:49 config
-rw-rw-r-- 1 russ russ   73 Apr  2 10:48 description
-rw-rw-r-- 1 russ russ   83 Apr  2 10:59 FETCH_HEAD
-rw-rw-r-- 1 russ russ   23 Apr  2 10:48 HEAD
drwxrwxr-x 2 russ russ 4096 Apr  2 10:48 hooks
-rw-rw-r-- 1 russ russ  137 Apr  2 10:59 index
drwxrwxr-x 2 russ russ 4096 Apr  2 10:48 info
drwxrwxr-x 3 russ russ 4096 Apr  2 10:59 logs
drwxrwxr-x 7 russ russ 4096 Apr  2 10:59 objects
drwxrwxr-x 4 russ russ 4096 Apr  2 10:48 refs
russ@Staging:/var/www/.git$ cd ..
russ@Staging:/var/www$ ls
index.html  README.md
russ@Staging:/var/www$ git pull github master
